// Jest Snapshot v1, https://goo.gl/fbAQLP

exports[`App Container should match the snapshot 1`] = `
<Route>
  <Component />
</Route>
`;
